// Jest Snapshot v1, https://goo.gl/fbAQLP

exports[`renders homepage unchanged 1`] = `
Array [
  <h1>
    CSRPage
  </h1>,
  <h3>
    LOADING
  </h3>,
]
`;
